<html>
<body>
<pre>
<h1>µVision Build Log</h1>
<h2>Tool Versions:</h2>
IDE-Version: µVision V5.20.0.0
Copyright (C) 2016 ARM Ltd and ARM Germany GmbH. All rights reserved.
License Information: oguz Emre university Flex license: MDK-ARM Professional (Eval) (mdk_pro_eval) Operation stops: 23 Sep 2016
 
Tool Versions:
Toolchain:       MDK-ARM Professional (Eval)  Version: 5.20
Toolchain Path:  C:\Keil_v5\ARM\ARMCC\Bin
C Compiler:      Armcc.exe V5.06 update 2 (build 183)
Assembler:       Armasm.exe V5.06 update 2 (build 183)
Linker/Locator:  ArmLink.exe V5.06 update 2 (build 183)
Library Manager: ArmAr.exe V5.06 update 2 (build 183)
Hex Converter:   FromElf.exe V5.06 update 2 (build 183)
CPU DLL:         SARMCM3.DLL V5.20
Dialog DLL:      DCM.DLL V1.13.7.0
Target DLL:      STLink\ST-LINKIII-KEIL_SWO.dll V2.0.18.0
Dialog DLL:      TCM.DLL V1.14.9.0
 
<h2>Project:</h2>
D:\Keil_ST\STM32F4xx_tempate(update)\Project\gpio.uvprojx
Project File Date:  09/06/2016

<h2>Output:</h2>
*** Using Compiler 'V5.06 update 2 (build 183)', folder: 'C:\Keil_v5\ARM\ARMCC\Bin'
Build target 'gpio'
compiling main.c...
.\inc\delay.h(8): warning:  #1-D: last line of file ends without a newline
  void SysTickInit(void);
src\delay.c(23): warning:  #1-D: last line of file ends without a newline
  }
src\main.c(78): warning:  #177-D: variable "aba" was declared but never referenced
  static int aba=0;
src\main.c(169): warning:  #1-D: last line of file ends without a newline
  	}
src\main.c(121): warning:  #177-D: variable "i" was declared but never referenced
  	int i=0;
src\main.c: 5 warnings, 0 errors
linking...
Program Size: Code=1568 RO-data=424 RW-data=16 ZI-data=1760  
FromELF: creating hex file...
"..\Output\gpio.axf" - 0 Error(s), 5 Warning(s).

<h2>Software Packages used:</h2>

Package Vendor: ARM
                http://www.keil.com/pack/ARM.CMSIS.5.0.0-Beta4.pack
                ARM::CMSIS:CORE:5.0.0
                CMSIS (Cortex Microcontroller Software Interface Standard)
   * Component: CORE Version: 5.0.0

<h2>Collection of Component include folders:</h2>
  D:\Keil_ST\STM32F4xx_tempate(update)\Project\RTE
  C:\Keil_v5\ARM\PACK\ARM\CMSIS\5.0.0-Beta4\CMSIS\Include
  C:\Keil_v5\ARM\PACK\Keil\STM32F4xx_DFP\2.9.0\Drivers\CMSIS\Device\ST\STM32F4xx\Include

<h2>Collection of Component Files used:</h2>

   * Component: ARM::CMSIS:CORE:5.0.0
Build Time Elapsed:  00:00:08
</pre>
</body>
</html>
