<html>
<body>
<pre>
<h1>µVision Build Log</h1>
<h2>Tool Versions:</h2>
IDE-Version: µVision V5.20.0.0
Copyright (C) 2016 ARM Ltd and ARM Germany GmbH. All rights reserved.
License Information: oguz Emre, university, LIC=----
 
Tool Versions:
Toolchain:       MDK-Lite  Version: 5.20
Toolchain Path:  C:\Keil_v5\ARM\ARMCC\Bin
C Compiler:      Armcc.exe V5.06 update 2 (build 183)
Assembler:       Armasm.exe V5.06 update 2 (build 183)
Linker/Locator:  ArmLink.exe V5.06 update 2 (build 183)
Library Manager: ArmAr.exe V5.06 update 2 (build 183)
Hex Converter:   FromElf.exe V5.06 update 2 (build 183)
CPU DLL:         SARMCM3.DLL V5.20
Dialog DLL:      DCM.DLL V1.13.7.0
Target DLL:      STLink\ST-LINKIII-KEIL_SWO.dll V2.0.18.0
Dialog DLL:      TCM.DLL V1.14.9.0
 
<h2>Project:</h2>
D:\Keil_ST\Stm32F429\Keil\lcd.uvprojx
Project File Date:  09/20/2016

<h2>Output:</h2>
*** Using Compiler 'V5.06 update 2 (build 183)', folder: 'C:\Keil_v5\ARM\ARMCC\Bin'
Build target 'LCD'
compiling main.c...
functions.h(16): warning:  #1-D: last line of file ends without a newline
  #endif
main.c(49): warning:  #177-D: variable "NVIC_InitStructure" was declared but never referenced
  	NVIC_InitTypeDef NVIC_InitStructure;
main.c: 2 warnings, 0 errors
linking...
Program Size: Code=1732 RO-data=460 RW-data=44 ZI-data=1636  
FromELF: creating hex file...
".\Output\lcd.axf" - 0 Error(s), 2 Warning(s).

<h2>Software Packages used:</h2>

Package Vendor: ARM
                http://www.keil.com/pack/ARM.CMSIS.5.0.0-Beta4.pack
                ::CMSIS Driver:Ethernet PHY:2.00 (API)
                CMSIS (Cortex Microcontroller Software Interface Standard)
   * Component: Ethernet PHY Version: 2.00

Package Vendor: Keil
                http://www.keil.com/pack/Keil.MDK-Middleware.7.1.0.pack
                Keil::CMSIS Driver:Ethernet PHY:DP83848C:6.1
                Keil MDK-ARM Professional Middleware for ARM Cortex-M based devices
   * Component: DP83848C Version: 6.1

<h2>Collection of Component include folders:</h2>
  D:\Keil_ST\Stm32F429\Keil\RTE
  C:\Keil_v5\ARM\PACK\ARM\CMSIS\5.0.0-Beta4\CMSIS\Driver\Include
  C:\Keil_v5\ARM\PACK\Keil\STM32F4xx_DFP\2.9.0\Drivers\CMSIS\Device\ST\STM32F4xx\Include

<h2>Collection of Component Files used:</h2>

   * Component: ::CMSIS Driver:Ethernet PHY:2.00 (API)
      Include file:  CMSIS\Driver\Include\Driver_ETH_PHY.h

   * Component: Keil::CMSIS Driver:Ethernet PHY:DP83848C:6.1
      Source file:   Network\Driver\PHY_DP83848C.c
Build Time Elapsed:  00:00:02
</pre>
</body>
</html>
